// Jest Snapshot v1, https://goo.gl/fbAQLP

exports[`Feeds Container should match Snapshot 1`] = `
<body>
  <div>
    <div
      class="App"
      data-testid="App"
    >
      <h3
        class="page-title"
        data-testid="page-title"
      >
        Feed
      </h3>
      <div
        class="formbar"
      >
        <div
          class="input-container"
        >
          <div>
            <form>
              <input
                data-testid="search-text"
                id="search-text"
                placeholder="Search..."
                type="text"
              />
              <button
                data-testid="search-button"
                id="search-button"
              >
                <span
                  class="fa fa-search fa-lg"
                />
              </button>
            </form>
          </div>
          <div>
            <label
              for="sort-select"
            >
              Sort by 
            </label>
            <select
              data-testid="sort-select"
              id="sort-select"
            >
              <option>
                sort1
              </option>
              <option>
                sort2
              </option>
              <option>
                sort3
              </option>
            </select>
          </div>
        </div>
      </div>
      <div
        class="pagination-wrapper"
        data-testid="pagination-wrapper"
      >
        <button
          class="previous-button"
          data-testid="previous-button"
          disabled=""
        >
           &lt; 
        </button>
        <button
          class="page-button"
          data-testid="page-button"
          disabled=""
        >
           1 
        </button>
        <button
          class="next-button"
          data-testid="next-button"
          disabled=""
        >
           &gt; 
        </button>
      </div>
      <div
        class="card-container"
        data-testid="card-container"
      />
      <div
        class="dataTable-container"
        data-testid="dataTable-container"
      >
        <table
          class="dataTable"
          data-testid="dataTable"
        >
          <thead
            class="dataTable-head"
            data-testid="dataTable-head"
          >
            <tr>
              <th>
                Name
              </th>
              <th>
                Image
              </th>
              <th>
                Description
              </th>
              <th>
                Date Last Edited
              </th>
            </tr>
          </thead>
        </table>
      </div>
    </div>
  </div>
</body>
`;
